// Vitest Snapshot v1, https://vitest.dev/guide/snapshot.html

exports[`HomeContainer > should match snapshot 1`] = `
<div
  class="MuiContainer-root MuiContainer-maxWidthLg home css-5c1adp-MuiContainer-root"
>
  <div
    class="home__hero MuiBox-root css-0"
  >
    <div
      class="MuiAvatar-root MuiAvatar-circular MuiAvatar-colorDefault home__hero-avatar css-1qcqc3p-MuiAvatar-root"
    >
      P
    </div>
    <h1
      class="MuiTypography-root MuiTypography-h2 MuiTypography-gutterBottom custom-title css-jp450z-MuiTypography-root"
    >
      Welcome to My Portfolio
    </h1>
    <h5
      class="MuiTypography-root MuiTypography-h5 home__hero-subtitle css-rgpxvr-MuiTypography-root"
    >
      Full-Stack Developer passionate about creating exceptional web experiences with modern technologies and clean, efficient code.
    </h5>
    <div
      class="MuiStack-root home__hero-buttons css-14w1sp1-MuiStack-root"
    >
      <a
        class="MuiButtonBase-root MuiButton-root MuiButton-contained MuiButton-containedPrimary MuiButton-sizeLarge MuiButton-containedSizeLarge MuiButton-colorPrimary MuiButton-root MuiButton-contained MuiButton-containedPrimary MuiButton-sizeLarge MuiButton-containedSizeLarge MuiButton-colorPrimary custom-primary css-dnximp-MuiButtonBase-root-MuiButton-root"
        href="/projects"
        tabindex="0"
      >
        View My Work
        <span
          class="MuiButton-icon MuiButton-endIcon MuiButton-iconSizeLarge css-1u6cks-MuiButton-endIcon"
        >
          <svg
            aria-hidden="true"
            class="MuiSvgIcon-root MuiSvgIcon-fontSizeMedium css-1umw9bq-MuiSvgIcon-root"
            data-testid="ArrowForwardIcon"
            focusable="false"
            viewBox="0 0 24 24"
          >
            <path
              d="m12 4-1.41 1.41L16.17 11H4v2h12.17l-5.58 5.59L12 20l8-8z"
            />
          </svg>
        </span>
      </a>
      <a
        class="MuiButtonBase-root MuiButton-root MuiButton-outlined MuiButton-outlinedPrimary MuiButton-sizeLarge MuiButton-outlinedSizeLarge MuiButton-colorPrimary MuiButton-root MuiButton-outlined MuiButton-outlinedPrimary MuiButton-sizeLarge MuiButton-outlinedSizeLarge MuiButton-colorPrimary css-3qwqpo-MuiButtonBase-root-MuiButton-root"
        href="/contact"
        tabindex="0"
      >
        Get In Touch
      </a>
    </div>
    <div
      class="home__skills MuiBox-root css-0"
    >
      <h6
        class="MuiTypography-root MuiTypography-h6 MuiTypography-gutterBottom css-f6ezis-MuiTypography-root"
      >
        Technologies I Work With
      </h6>
      <div
        class="MuiStack-root home__skills-container css-miphnx-MuiStack-root"
      >
        <div
          class="MuiChip-root MuiChip-outlined MuiChip-sizeMedium MuiChip-colorPrimary MuiChip-outlinedPrimary home__skills-chip css-mo0pjq-MuiChip-root"
        >
          <span
            class="MuiChip-label MuiChip-labelMedium css-16cgrcw-MuiChip-label"
          >
            React
          </span>
        </div>
        <div
          class="MuiChip-root MuiChip-outlined MuiChip-sizeMedium MuiChip-colorPrimary MuiChip-outlinedPrimary home__skills-chip css-mo0pjq-MuiChip-root"
        >
          <span
            class="MuiChip-label MuiChip-labelMedium css-16cgrcw-MuiChip-label"
          >
            JavaScript
          </span>
        </div>
        <div
          class="MuiChip-root MuiChip-outlined MuiChip-sizeMedium MuiChip-colorPrimary MuiChip-outlinedPrimary home__skills-chip css-mo0pjq-MuiChip-root"
        >
          <span
            class="MuiChip-label MuiChip-labelMedium css-16cgrcw-MuiChip-label"
          >
            Node.js
          </span>
        </div>
        <div
          class="MuiChip-root MuiChip-outlined MuiChip-sizeMedium MuiChip-colorPrimary MuiChip-outlinedPrimary home__skills-chip css-mo0pjq-MuiChip-root"
        >
          <span
            class="MuiChip-label MuiChip-labelMedium css-16cgrcw-MuiChip-label"
          >
            Material-UI
          </span>
        </div>
        <div
          class="MuiChip-root MuiChip-outlined MuiChip-sizeMedium MuiChip-colorPrimary MuiChip-outlinedPrimary home__skills-chip css-mo0pjq-MuiChip-root"
        >
          <span
            class="MuiChip-label MuiChip-labelMedium css-16cgrcw-MuiChip-label"
          >
            SCSS
          </span>
        </div>
        <div
          class="MuiChip-root MuiChip-outlined MuiChip-sizeMedium MuiChip-colorPrimary MuiChip-outlinedPrimary home__skills-chip css-mo0pjq-MuiChip-root"
        >
          <span
            class="MuiChip-label MuiChip-labelMedium css-16cgrcw-MuiChip-label"
          >
            Vite
          </span>
        </div>
        <div
          class="MuiChip-root MuiChip-outlined MuiChip-sizeMedium MuiChip-colorPrimary MuiChip-outlinedPrimary home__skills-chip css-mo0pjq-MuiChip-root"
        >
          <span
            class="MuiChip-label MuiChip-labelMedium css-16cgrcw-MuiChip-label"
          >
            NX
          </span>
        </div>
        <div
          class="MuiChip-root MuiChip-outlined MuiChip-sizeMedium MuiChip-colorPrimary MuiChip-outlinedPrimary home__skills-chip css-mo0pjq-MuiChip-root"
        >
          <span
            class="MuiChip-label MuiChip-labelMedium css-16cgrcw-MuiChip-label"
          >
            Git
          </span>
        </div>
        <div
          class="MuiChip-root MuiChip-outlined MuiChip-sizeMedium MuiChip-colorPrimary MuiChip-outlinedPrimary home__skills-chip css-mo0pjq-MuiChip-root"
        >
          <span
            class="MuiChip-label MuiChip-labelMedium css-16cgrcw-MuiChip-label"
          >
            Responsive Design
          </span>
        </div>
      </div>
    </div>
  </div>
  <div
    class="home__features MuiBox-root css-0"
  >
    <h2
      class="MuiTypography-root MuiTypography-h3 MuiTypography-gutterBottom home__features-title css-hedpeh-MuiTypography-root"
    >
      What I Bring to the Table
    </h2>
    <div
      class="MuiGrid-root MuiGrid-container MuiGrid-direction-xs-row MuiGrid-spacing-xs-4 css-kqg16c-MuiGrid-root"
    >
      <div
        class="MuiGrid-root MuiGrid-direction-xs-row css-17fpwt7-MuiGrid-root"
      >
        <div
          class="MuiPaper-root MuiPaper-elevation MuiPaper-rounded MuiPaper-elevation1 MuiCard-root home__feature-card css-r6ekfc-MuiPaper-root-MuiCard-root"
          style="--Paper-shadow: 0px 2px 1px -1px rgba(0,0,0,0.2),0px 1px 1px 0px rgba(0,0,0,0.14),0px 1px 3px 0px rgba(0,0,0,0.12);"
        >
          <div
            class="MuiCardContent-root home__feature-card-content css-1lt5qva-MuiCardContent-root"
          >
            <div
              class="home__feature-card-icon home__feature-card-icon--code MuiBox-root css-0"
            >
              <svg
                aria-hidden="true"
                class="MuiSvgIcon-root MuiSvgIcon-fontSizeMedium feature-icon-code css-1umw9bq-MuiSvgIcon-root"
                data-testid="CodeIcon"
                focusable="false"
                viewBox="0 0 24 24"
              >
                <path
                  d="M9.4 16.6 4.8 12l4.6-4.6L8 6l-6 6 6 6zm5.2 0 4.6-4.6-4.6-4.6L16 6l6 6-6 6z"
                />
              </svg>
            </div>
            <h3
              class="MuiTypography-root MuiTypography-h5 MuiTypography-gutterBottom css-wkkoyu-MuiTypography-root"
            >
              Clean Code
            </h3>
            <p
              class="MuiTypography-root MuiTypography-body1 css-1k1cusp-MuiTypography-root"
            >
              Writing maintainable, scalable, and well-documented code following best practices.
            </p>
          </div>
        </div>
      </div>
      <div
        class="MuiGrid-root MuiGrid-direction-xs-row css-17fpwt7-MuiGrid-root"
      >
        <div
          class="MuiPaper-root MuiPaper-elevation MuiPaper-rounded MuiPaper-elevation1 MuiCard-root home__feature-card css-r6ekfc-MuiPaper-root-MuiCard-root"
          style="--Paper-shadow: 0px 2px 1px -1px rgba(0,0,0,0.2),0px 1px 1px 0px rgba(0,0,0,0.14),0px 1px 3px 0px rgba(0,0,0,0.12);"
        >
          <div
            class="MuiCardContent-root home__feature-card-content css-1lt5qva-MuiCardContent-root"
          >
            <div
              class="home__feature-card-icon home__feature-card-icon--code MuiBox-root css-0"
            >
              <svg
                aria-hidden="true"
                class="MuiSvgIcon-root MuiSvgIcon-fontSizeMedium feature-icon-design css-1umw9bq-MuiSvgIcon-root"
                data-testid="BrushIcon"
                focusable="false"
                viewBox="0 0 24 24"
              >
                <path
                  d="M7 14c-1.66 0-3 1.34-3 3 0 1.31-1.16 2-2 2 .92 1.22 2.49 2 4 2 2.21 0 4-1.79 4-4 0-1.66-1.34-3-3-3m13.71-9.37-1.34-1.34a.996.996 0 0 0-1.41 0L9 12.25 11.75 15l8.96-8.96c.39-.39.39-1.02 0-1.41"
                />
              </svg>
            </div>
            <h3
              class="MuiTypography-root MuiTypography-h5 MuiTypography-gutterBottom css-wkkoyu-MuiTypography-root"
            >
              Modern Design
            </h3>
            <p
              class="MuiTypography-root MuiTypography-body1 css-1k1cusp-MuiTypography-root"
            >
              Creating beautiful, intuitive user interfaces with attention to detail and user experience.
            </p>
          </div>
        </div>
      </div>
      <div
        class="MuiGrid-root MuiGrid-direction-xs-row css-17fpwt7-MuiGrid-root"
      >
        <div
          class="MuiPaper-root MuiPaper-elevation MuiPaper-rounded MuiPaper-elevation1 MuiCard-root home__feature-card css-r6ekfc-MuiPaper-root-MuiCard-root"
          style="--Paper-shadow: 0px 2px 1px -1px rgba(0,0,0,0.2),0px 1px 1px 0px rgba(0,0,0,0.14),0px 1px 3px 0px rgba(0,0,0,0.12);"
        >
          <div
            class="MuiCardContent-root home__feature-card-content css-1lt5qva-MuiCardContent-root"
          >
            <div
              class="home__feature-card-icon home__feature-card-icon--code MuiBox-root css-0"
            >
              <svg
                aria-hidden="true"
                class="MuiSvgIcon-root MuiSvgIcon-fontSizeMedium feature-icon-speed css-1umw9bq-MuiSvgIcon-root"
                data-testid="SpeedIcon"
                focusable="false"
                viewBox="0 0 24 24"
              >
                <path
                  d="m20.38 8.57-1.23 1.85a8 8 0 0 1-.22 7.58H5.07A8 8 0 0 1 15.58 6.85l1.85-1.23A10 10 0 0 0 3.35 19a2 2 0 0 0 1.72 1h13.85a2 2 0 0 0 1.74-1 10 10 0 0 0-.27-10.44zm-9.79 6.84a2 2 0 0 0 2.83 0l5.66-8.49-8.49 5.66a2 2 0 0 0 0 2.83"
                />
              </svg>
            </div>
            <h3
              class="MuiTypography-root MuiTypography-h5 MuiTypography-gutterBottom css-wkkoyu-MuiTypography-root"
            >
              Performance
            </h3>
            <p
              class="MuiTypography-root MuiTypography-body1 css-1k1cusp-MuiTypography-root"
            >
              Optimizing applications for speed, accessibility, and cross-browser compatibility.
            </p>
          </div>
        </div>
      </div>
    </div>
  </div>
  <div
    class="home__cta MuiBox-root css-0"
  >
    <h2
      class="MuiTypography-root MuiTypography-h4 MuiTypography-gutterBottom css-18p8awu-MuiTypography-root"
    >
      Ready to Start Your Next Project?
    </h2>
    <h6
      class="MuiTypography-root MuiTypography-h6 home__cta-subtitle css-b6y2se-MuiTypography-root"
    >
      Let's work together to bring your ideas to life
    </h6>
    <a
      class="MuiButtonBase-root MuiButton-root MuiButton-contained MuiButton-containedPrimary MuiButton-sizeLarge MuiButton-containedSizeLarge MuiButton-colorPrimary MuiButton-root MuiButton-contained MuiButton-containedPrimary MuiButton-sizeLarge MuiButton-containedSizeLarge MuiButton-colorPrimary home__cta-button css-dnximp-MuiButtonBase-root-MuiButton-root"
      href="/contact"
      tabindex="0"
    >
      Start a Conversation
    </a>
  </div>
</div>
`;
